// Jest Snapshot v1, https://goo.gl/fbAQLP

exports[`AuthProvider renders 1`] = `
<div>
  Hello
</div>
`;
