// Jest Snapshot v1, https://goo.gl/fbAQLP

exports[`SEO renders 1`] = `null`;
